// Jest Snapshot v1, https://goo.gl/fbAQLP

exports[`renders covid statistics loading state 1`] = `
<DocumentFragment>
  loading....
</DocumentFragment>
`;
